// Jest Snapshot v1, https://goo.gl/fbAQLP

exports[`NewCardForm that it matches an existing snapshot 1`] = `
ShallowWrapper {
  "length": 1,
  Symbol(enzyme.__root__): [Circular],
  Symbol(enzyme.__unrendered__): <NewCardForm />,
  Symbol(enzyme.__renderer__): Object {
    "batchedUpdates": [Function],
    "getNode": [Function],
    "render": [Function],
    "simulateEvent": [Function],
    "unmount": [Function],
  },
  Symbol(enzyme.__node__): Object {
    "instance": null,
    "key": undefined,
    "nodeType": "host",
    "props": Object {
      "children": Array [
        <div>
          <label
                    htmlFor="text"
          >
                    Text: 
          </label>
          <input
                    name="text"
                    onChange={[Function]}
                    type="text"
                    value=""
          />
</div>,
        <div>
          <label
                    htmlFor="emoji"
          >
                    Emoji: 
          </label>
          <select
                    name="emoji"
                    onChange={[Function]}
                    type="text"
                    value=""
          >
                    <option
                              value=""
                    />
                    <option
                              value="heart_eyes"
                    >
                              😍
                    </option>
                    <option
                              value="beer"
                    >
                              🍺
                    </option>
                    <option
                              value="clap"
                    >
                              👏
                    </option>
                    <option
                              value="sparkling_heart"
                    >
                              💖
                    </option>
                    <option
                              value="heart_eyes_cat"
                    >
                              😻
                    </option>
                    <option
                              value="dog"
                    >
                              🐶
                    </option>
          </select>
</div>,
        <input
          type="submit"
          value="Add Card"
/>,
      ],
      "onSubmit": [Function],
    },
    "ref": null,
    "rendered": Array [
      Object {
        "instance": null,
        "key": undefined,
        "nodeType": "host",
        "props": Object {
          "children": Array [
            <label
              htmlFor="text"
>
              Text: 
</label>,
            <input
              name="text"
              onChange={[Function]}
              type="text"
              value=""
/>,
          ],
        },
        "ref": null,
        "rendered": Array [
          Object {
            "instance": null,
            "key": undefined,
            "nodeType": "host",
            "props": Object {
              "children": "Text: ",
              "htmlFor": "text",
            },
            "ref": null,
            "rendered": "Text: ",
            "type": "label",
          },
          Object {
            "instance": null,
            "key": undefined,
            "nodeType": "host",
            "props": Object {
              "name": "text",
              "onChange": [Function],
              "type": "text",
              "value": "",
            },
            "ref": null,
            "rendered": null,
            "type": "input",
          },
        ],
        "type": "div",
      },
      Object {
        "instance": null,
        "key": undefined,
        "nodeType": "host",
        "props": Object {
          "children": Array [
            <label
              htmlFor="emoji"
>
              Emoji: 
</label>,
            <select
              name="emoji"
              onChange={[Function]}
              type="text"
              value=""
>
              <option
                            value=""
              />
              <option
                            value="heart_eyes"
              >
                            😍
              </option>
              <option
                            value="beer"
              >
                            🍺
              </option>
              <option
                            value="clap"
              >
                            👏
              </option>
              <option
                            value="sparkling_heart"
              >
                            💖
              </option>
              <option
                            value="heart_eyes_cat"
              >
                            😻
              </option>
              <option
                            value="dog"
              >
                            🐶
              </option>
</select>,
          ],
        },
        "ref": null,
        "rendered": Array [
          Object {
            "instance": null,
            "key": undefined,
            "nodeType": "host",
            "props": Object {
              "children": "Emoji: ",
              "htmlFor": "emoji",
            },
            "ref": null,
            "rendered": "Emoji: ",
            "type": "label",
          },
          Object {
            "instance": null,
            "key": undefined,
            "nodeType": "host",
            "props": Object {
              "children": Array [
                <option
                  value=""
/>,
                <option
                  value="heart_eyes"
>
                  😍
</option>,
                <option
                  value="beer"
>
                  🍺
</option>,
                <option
                  value="clap"
>
                  👏
</option>,
                <option
                  value="sparkling_heart"
>
                  💖
</option>,
                <option
                  value="heart_eyes_cat"
>
                  😻
</option>,
                <option
                  value="dog"
>
                  🐶
</option>,
              ],
              "name": "emoji",
              "onChange": [Function],
              "type": "text",
              "value": "",
            },
            "ref": null,
            "rendered": Array [
              Object {
                "instance": null,
                "key": undefined,
                "nodeType": "host",
                "props": Object {
                  "children": undefined,
                  "value": "",
                },
                "ref": null,
                "rendered": null,
                "type": "option",
              },
              Object {
                "instance": null,
                "key": "heart_eyes",
                "nodeType": "host",
                "props": Object {
                  "children": "😍",
                  "value": "heart_eyes",
                },
                "ref": null,
                "rendered": "😍",
                "type": "option",
              },
              Object {
                "instance": null,
                "key": "beer",
                "nodeType": "host",
                "props": Object {
                  "children": "🍺",
                  "value": "beer",
                },
                "ref": null,
                "rendered": "🍺",
                "type": "option",
              },
              Object {
                "instance": null,
                "key": "clap",
                "nodeType": "host",
                "props": Object {
                  "children": "👏",
                  "value": "clap",
                },
                "ref": null,
                "rendered": "👏",
                "type": "option",
              },
              Object {
                "instance": null,
                "key": "sparkling_heart",
                "nodeType": "host",
                "props": Object {
                  "children": "💖",
                  "value": "sparkling_heart",
                },
                "ref": null,
                "rendered": "💖",
                "type": "option",
              },
              Object {
                "instance": null,
                "key": "heart_eyes_cat",
                "nodeType": "host",
                "props": Object {
                  "children": "😻",
                  "value": "heart_eyes_cat",
                },
                "ref": null,
                "rendered": "😻",
                "type": "option",
              },
              Object {
                "instance": null,
                "key": "dog",
                "nodeType": "host",
                "props": Object {
                  "children": "🐶",
                  "value": "dog",
                },
                "ref": null,
                "rendered": "🐶",
                "type": "option",
              },
            ],
            "type": "select",
          },
        ],
        "type": "div",
      },
      Object {
        "instance": null,
        "key": undefined,
        "nodeType": "host",
        "props": Object {
          "type": "submit",
          "value": "Add Card",
        },
        "ref": null,
        "rendered": null,
        "type": "input",
      },
    ],
    "type": "form",
  },
  Symbol(enzyme.__nodes__): Array [
    Object {
      "instance": null,
      "key": undefined,
      "nodeType": "host",
      "props": Object {
        "children": Array [
          <div>
            <label
                        htmlFor="text"
            >
                        Text: 
            </label>
            <input
                        name="text"
                        onChange={[Function]}
                        type="text"
                        value=""
            />
</div>,
          <div>
            <label
                        htmlFor="emoji"
            >
                        Emoji: 
            </label>
            <select
                        name="emoji"
                        onChange={[Function]}
                        type="text"
                        value=""
            >
                        <option
                                    value=""
                        />
                        <option
                                    value="heart_eyes"
                        >
                                    😍
                        </option>
                        <option
                                    value="beer"
                        >
                                    🍺
                        </option>
                        <option
                                    value="clap"
                        >
                                    👏
                        </option>
                        <option
                                    value="sparkling_heart"
                        >
                                    💖
                        </option>
                        <option
                                    value="heart_eyes_cat"
                        >
                                    😻
                        </option>
                        <option
                                    value="dog"
                        >
                                    🐶
                        </option>
            </select>
</div>,
          <input
            type="submit"
            value="Add Card"
/>,
        ],
        "onSubmit": [Function],
      },
      "ref": null,
      "rendered": Array [
        Object {
          "instance": null,
          "key": undefined,
          "nodeType": "host",
          "props": Object {
            "children": Array [
              <label
                htmlFor="text"
>
                Text: 
</label>,
              <input
                name="text"
                onChange={[Function]}
                type="text"
                value=""
/>,
            ],
          },
          "ref": null,
          "rendered": Array [
            Object {
              "instance": null,
              "key": undefined,
              "nodeType": "host",
              "props": Object {
                "children": "Text: ",
                "htmlFor": "text",
              },
              "ref": null,
              "rendered": "Text: ",
              "type": "label",
            },
            Object {
              "instance": null,
              "key": undefined,
              "nodeType": "host",
              "props": Object {
                "name": "text",
                "onChange": [Function],
                "type": "text",
                "value": "",
              },
              "ref": null,
              "rendered": null,
              "type": "input",
            },
          ],
          "type": "div",
        },
        Object {
          "instance": null,
          "key": undefined,
          "nodeType": "host",
          "props": Object {
            "children": Array [
              <label
                htmlFor="emoji"
>
                Emoji: 
</label>,
              <select
                name="emoji"
                onChange={[Function]}
                type="text"
                value=""
>
                <option
                                value=""
                />
                <option
                                value="heart_eyes"
                >
                                😍
                </option>
                <option
                                value="beer"
                >
                                🍺
                </option>
                <option
                                value="clap"
                >
                                👏
                </option>
                <option
                                value="sparkling_heart"
                >
                                💖
                </option>
                <option
                                value="heart_eyes_cat"
                >
                                😻
                </option>
                <option
                                value="dog"
                >
                                🐶
                </option>
</select>,
            ],
          },
          "ref": null,
          "rendered": Array [
            Object {
              "instance": null,
              "key": undefined,
              "nodeType": "host",
              "props": Object {
                "children": "Emoji: ",
                "htmlFor": "emoji",
              },
              "ref": null,
              "rendered": "Emoji: ",
              "type": "label",
            },
            Object {
              "instance": null,
              "key": undefined,
              "nodeType": "host",
              "props": Object {
                "children": Array [
                  <option
                    value=""
/>,
                  <option
                    value="heart_eyes"
>
                    😍
</option>,
                  <option
                    value="beer"
>
                    🍺
</option>,
                  <option
                    value="clap"
>
                    👏
</option>,
                  <option
                    value="sparkling_heart"
>
                    💖
</option>,
                  <option
                    value="heart_eyes_cat"
>
                    😻
</option>,
                  <option
                    value="dog"
>
                    🐶
</option>,
                ],
                "name": "emoji",
                "onChange": [Function],
                "type": "text",
                "value": "",
              },
              "ref": null,
              "rendered": Array [
                Object {
                  "instance": null,
                  "key": undefined,
                  "nodeType": "host",
                  "props": Object {
                    "children": undefined,
                    "value": "",
                  },
                  "ref": null,
                  "rendered": null,
                  "type": "option",
                },
                Object {
                  "instance": null,
                  "key": "heart_eyes",
                  "nodeType": "host",
                  "props": Object {
                    "children": "😍",
                    "value": "heart_eyes",
                  },
                  "ref": null,
                  "rendered": "😍",
                  "type": "option",
                },
                Object {
                  "instance": null,
                  "key": "beer",
                  "nodeType": "host",
                  "props": Object {
                    "children": "🍺",
                    "value": "beer",
                  },
                  "ref": null,
                  "rendered": "🍺",
                  "type": "option",
                },
                Object {
                  "instance": null,
                  "key": "clap",
                  "nodeType": "host",
                  "props": Object {
                    "children": "👏",
                    "value": "clap",
                  },
                  "ref": null,
                  "rendered": "👏",
                  "type": "option",
                },
                Object {
                  "instance": null,
                  "key": "sparkling_heart",
                  "nodeType": "host",
                  "props": Object {
                    "children": "💖",
                    "value": "sparkling_heart",
                  },
                  "ref": null,
                  "rendered": "💖",
                  "type": "option",
                },
                Object {
                  "instance": null,
                  "key": "heart_eyes_cat",
                  "nodeType": "host",
                  "props": Object {
                    "children": "😻",
                    "value": "heart_eyes_cat",
                  },
                  "ref": null,
                  "rendered": "😻",
                  "type": "option",
                },
                Object {
                  "instance": null,
                  "key": "dog",
                  "nodeType": "host",
                  "props": Object {
                    "children": "🐶",
                    "value": "dog",
                  },
                  "ref": null,
                  "rendered": "🐶",
                  "type": "option",
                },
              ],
              "type": "select",
            },
          ],
          "type": "div",
        },
        Object {
          "instance": null,
          "key": undefined,
          "nodeType": "host",
          "props": Object {
            "type": "submit",
            "value": "Add Card",
          },
          "ref": null,
          "rendered": null,
          "type": "input",
        },
      ],
      "type": "form",
    },
  ],
  Symbol(enzyme.__options__): Object {
    "adapter": ReactSixteenAdapter {
      "options": Object {
        "enableComponentDidUpdateOnSetState": true,
      },
    },
  },
}
`;
